---------------------------------------------------------------------------------------------------------
Problem              diet
Nr. of variables     8
Nr. of constraints   4
Objective name       cost
Solver name          CBC
Display variables    (all)
Display constraints  (all)
---------------------------------------------------------------------------------------------------------

Objective status     optimal
Objective value      101.14 (MIN!)

Variables 
Name                 Type            Activity         Lower bound         Upper bound            Marginal
---------------------------------------------------------------------------------------------------------
x[BEEF]                 I                   2                   2                  10                   -
x[CHK]                  I                   8                   2                  10                   -
x[FISH]                 I                   2                   2                  10                   -
x[HAM]                  I                   2                   2                  10                   -
x[MCH]                  I                  10                   2                  10                   -
x[MTL]                  I                  10                   2                  10                   -
x[SPG]                  I                  10                   2                  10                   -
x[TUR]                  I                   2                   2                  10                   -
---------------------------------------------------------------------------------------------------------

Constraints 
Name                 Type            Activity         Lower bound         Upper bound            Marginal
---------------------------------------------------------------------------------------------------------
line_2                  G                1500                 700                 inf                   -
line_3                  G                1330                 700                 inf                   -
line_4                  G                 860                 700                 inf                   -
line_5                  G                 700                 700                 inf                   -
---------------------------------------------------------------------------------------------------------
