
Warning: Scip runs only (M)ILP problems, marginals are not available in solution
