
MpsSolver error: Problems while reading <product-mix.mps> Mps file cannot be openend: product-mix.mps
